error
error
error

error
error
error

error
error
error

error
error
error

0
